<?xml version="1.0" encoding="UTF-8"?>
<testsuites name="Mocha Tests" time="0.0040" tests="1" failures="0">
  <testsuite name="Root Suite" timestamp="2021-12-07T02:05:35" tests="0" time="0.0000" failures="0">
  </testsuite>
  <testsuite name="probar login" timestamp="2021-12-07T02:05:35" tests="1" file="C:\Users\salva\OneDrive\Escritorio\Login\ProyectoFinal\test.js" time="0.0020" failures="0">
    <testcase name="probar login prueba contraseña y usuario" time="0.0010" classname="prueba contraseña y usuario">
    </testcase>
  </testsuite>
</testsuites>